
> sistema-de-contas@0.1.0 dev
> next dev -p 3000

 ⨯ Failed to start server
Error: listen EADDRINUSE: address already in use :::3000
    at Server.setupListenHandle [as _listen2] (node:net:1940:16)
    at listenInCluster (node:net:1997:12)
    at Server.listen (node:net:2102:7)
    at /Users/charllestabordas/Documents/SISTEMA DE CONTAS/node_modules/next/dist/server/lib/start-server.js:279:16
    at new Promise (<anonymous>)
    at startServer (/Users/charllestabordas/Documents/SISTEMA DE CONTAS/node_modules/next/dist/server/lib/start-server.js:190:11)
    at /Users/charllestabordas/Documents/SISTEMA DE CONTAS/node_modules/next/dist/server/lib/start-server.js:309:52
    at Span.traceAsyncFn (/Users/charllestabordas/Documents/SISTEMA DE CONTAS/node_modules/next/dist/trace/trace.js:147:26)
    at process.<anonymous> (/Users/charllestabordas/Documents/SISTEMA DE CONTAS/node_modules/next/dist/server/lib/start-server.js:309:35)
    at process.emit (node:events:508:28) {
  code: 'EADDRINUSE',
  errno: -48,
  syscall: 'listen',
  address: '::',
  port: 3000
}
[?25h
